// Jest Snapshot v1, https://goo.gl/fbAQLP

exports[`testing for classname editor 1`] = `
Object {
  "asFragment": [Function],
  "baseElement": <body>
    <div>
      <div
        class="editor"
      >
        <div
          class="head"
        >
          <select>
            <option
              value="bird"
            >
              Bird
            </option>
            <option
              value="duck"
            >
              Duck
            </option>
            <option
              value="dog"
            >
              Dog
            </option>
            <option
              value="horse"
            >
              Horse
            </option>
          </select>
        </div>
        <div
          class="middle"
        >
          <select>
            <option
              value="blue"
            >
              Blue
            </option>
            <option
              value="dress"
            >
              Dress
            </option>
            <option
              value="pink"
            >
              Pink
            </option>
          </select>
        </div>
        <div
          class="bottom"
        >
          <select>
            <option
              value="leg"
            >
              Single Leg
            </option>
            <option
              value="white"
            >
              White Pants
            </option>
            <option
              value="blue"
            >
              Blue Pants
            </option>
          </select>
        </div>
        <div
          class="catch-phrase"
        >
          <label>
            Add a catchphrase!
          </label>
          <input
            type="text"
            value=""
          />
          <button>
            Add
          </button>
        </div>
      </div>
    </div>
  </body>,
  "container": <div>
    <div
      class="editor"
    >
      <div
        class="head"
      >
        <select>
          <option
            value="bird"
          >
            Bird
          </option>
          <option
            value="duck"
          >
            Duck
          </option>
          <option
            value="dog"
          >
            Dog
          </option>
          <option
            value="horse"
          >
            Horse
          </option>
        </select>
      </div>
      <div
        class="middle"
      >
        <select>
          <option
            value="blue"
          >
            Blue
          </option>
          <option
            value="dress"
          >
            Dress
          </option>
          <option
            value="pink"
          >
            Pink
          </option>
        </select>
      </div>
      <div
        class="bottom"
      >
        <select>
          <option
            value="leg"
          >
            Single Leg
          </option>
          <option
            value="white"
          >
            White Pants
          </option>
          <option
            value="blue"
          >
            Blue Pants
          </option>
        </select>
      </div>
      <div
        class="catch-phrase"
      >
        <label>
          Add a catchphrase!
        </label>
        <input
          type="text"
          value=""
        />
        <button>
          Add
        </button>
      </div>
    </div>
  </div>,
  "debug": [Function],
  "findAllByAltText": [Function],
  "findAllByDisplayValue": [Function],
  "findAllByLabelText": [Function],
  "findAllByPlaceholderText": [Function],
  "findAllByRole": [Function],
  "findAllByTestId": [Function],
  "findAllByText": [Function],
  "findAllByTitle": [Function],
  "findByAltText": [Function],
  "findByDisplayValue": [Function],
  "findByLabelText": [Function],
  "findByPlaceholderText": [Function],
  "findByRole": [Function],
  "findByTestId": [Function],
  "findByText": [Function],
  "findByTitle": [Function],
  "getAllByAltText": [Function],
  "getAllByDisplayValue": [Function],
  "getAllByLabelText": [Function],
  "getAllByPlaceholderText": [Function],
  "getAllByRole": [Function],
  "getAllByTestId": [Function],
  "getAllByText": [Function],
  "getAllByTitle": [Function],
  "getByAltText": [Function],
  "getByDisplayValue": [Function],
  "getByLabelText": [Function],
  "getByPlaceholderText": [Function],
  "getByRole": [Function],
  "getByTestId": [Function],
  "getByText": [Function],
  "getByTitle": [Function],
  "queryAllByAltText": [Function],
  "queryAllByDisplayValue": [Function],
  "queryAllByLabelText": [Function],
  "queryAllByPlaceholderText": [Function],
  "queryAllByRole": [Function],
  "queryAllByTestId": [Function],
  "queryAllByText": [Function],
  "queryAllByTitle": [Function],
  "queryByAltText": [Function],
  "queryByDisplayValue": [Function],
  "queryByLabelText": [Function],
  "queryByPlaceholderText": [Function],
  "queryByRole": [Function],
  "queryByTestId": [Function],
  "queryByText": [Function],
  "queryByTitle": [Function],
  "rerender": [Function],
  "unmount": [Function],
}
`;
